[gabrielromes.com/index.html]
[backblue.gif]
[fade.gif]
[index.html]
[gabrielromes.com/index-2.html]
[gabrielromes.com/favicons/favicon3.png]
[gabrielromes.com/dist/css/style.css]
[gabrielromes.com/dist/img/header.svg]
[gabrielromes.com/sobre.html]
[gabrielromes.com/portfolio.html]
[gabrielromes.com/contato.html]
[gabrielromes.com/dist/img/gabrielromes.png]
[gabrielromes.com/dist/img/hero-images/alianca.webp]
[gabrielromes.com/dist/img/hero-images/diegogramas.webp]
[gabrielromes.com/dist/img/hero-images/pstudio.webp]
[gabrielromes.com/dist/img/hero-images/dragabrielalubiana.jpg]
[gabrielromes.com/dist/img/hero-images/silveiraekersul.jpg]
[gabrielromes.com/dist/img/hero-images/engepres.jpg]
[gabrielromes.com/portfolio/pstudio/index.html]
[gabrielromes.com/portfolio/wmccann/index.html]
[gabrielromes.com/dist/img/hero-images/wmccann.jpg]
[gabrielromes.com/dist/img/hero-images/navorsky.jpg]
[gabrielromes.com/dist/img/hero-images/losch.jpg]
[gabrielromes.com/dist/img/hero-images/nineled2.jpg]
[gabrielromes.com/dist/img/portfolio/wmccann.mp4]
[gabrielromes.com/dist/img/portfolio/navorsky.mp4]
[gabrielromes.com/dist/img/portfolio/pstudio.mp4]
[gabrielromes.com/dist/img/portfolio/cronos.mp4]
[gabrielromes.com/dist/js/header-js.min.js.pagespeed.jm.sE_UYepc9K.js]
[gabrielromes.com/index.html]
[gabrielromes.com/dist/js/footer-js.min.js.pagespeed.jm.uDI8-52mKT.js]
[gabrielromes.com/index-2.html]
[gabrielromes.com/dist/fonts/PangeaTrial-LightWeb.woff2]
[gabrielromes.com/dist/fonts/PangeaTrial-RegularWeb.woff2]
[gabrielromes.com/dist/fonts/PangeaTrial-MediumWeb.woff2]
[gabrielromes.com/dist/fonts/PangeaTrial-BoldWeb.woff2]
[gabrielromes.com/dist/fonts/PangeaTrial-SemiBoldWeb.woff2]
[gabrielromes.com/dist/css/style.css]
[gabrielromes.com/dist/img/header.svg]
[gabrielromes.com/dist/img/sobre-gabrielromes.jpg]
[gabrielromes.com/dist/img/social/09.jpg]
[gabrielromes.com/dist/img/social/07.jpg]
[gabrielromes.com/dist/img/social/08.jpg]
[gabrielromes.com/dist/img/social/05.jpg]
[gabrielromes.com/dist/img/social/01.jpg]
[gabrielromes.com/dist/img/social/04.jpg]
[gabrielromes.com/dist/img/social/02.jpg]
[gabrielromes.com/dist/img/social/03.jpg]
[gabrielromes.com/dist/img/social/06.jpg]
[gabrielromes.com/sobre.html]
[gabrielromes.com/dist/img/portfolio/losch.jpg]
[gabrielromes.com/dist/img/portfolio/dragabrielalubiana.jpg]
[gabrielromes.com/dist/img/portfolio/nineled.jpg]
[gabrielromes.com/dist/img/portfolio/fortmark.jpg]
[gabrielromes.com/dist/img/portfolio/navorsky.jpg]
[gabrielromes.com/dist/img/portfolio/milhaspartners.jpg]
[gabrielromes.com/dist/img/portfolio/pstudio.jpg]
[gabrielromes.com/dist/img/portfolio/medsol.jpg]
[gabrielromes.com/dist/img/portfolio/wmccann.jpg]
[gabrielromes.com/dist/img/portfolio/silveiraekersul.jpg]
[gabrielromes.com/dist/img/portfolio/engepres.jpg]
[gabrielromes.com/dist/img/portfolio/zaramultimarcas.jpg]
[gabrielromes.com/portfolio.html]
[gabrielromes.com/contato.html]
[gabrielromes.com/portfolio/pstudio/css/line-awesome.css]
[gabrielromes.com/portfolio/pstudio/css/style.css]
[gabrielromes.com/portfolio/pstudio/css/responsive.css]
[gabrielromes.com/portfolio/pstudio/img/favicon.png]
[gabrielromes.com/portfolio/pstudio/index-2.html]
[gabrielromes.com/portfolio/pstudio/img/logo.png]
[gabrielromes.com/portfolio/pstudio/portfolio.html]
[gabrielromes.com/portfolio/pstudio/sobre.html]
[gabrielromes.com/portfolio/pstudio/servicos.html]
[gabrielromes.com/portfolio/pstudio/contato.html]
[gabrielromes.com/portfolio/pstudio/video/photoshoot.mp4]
[gabrielromes.com/portfolio/pstudio/img/bgs/bg-home01.jpg]
[gabrielromes.com/portfolio/pstudio/img/albums/masonry/album01.jpg]
[gabrielromes.com/portfolio/pstudio/exemplo-case.html]
[gabrielromes.com/portfolio/pstudio/img/albums/masonry/album02.jpg]
[gabrielromes.com/portfolio/pstudio/img/albums/masonry/album03.jpg]
[gabrielromes.com/portfolio/pstudio/img/albums/masonry/album05.jpg]
[gabrielromes.com/portfolio/pstudio/img/albums/masonry/album04.jpg]
[gabrielromes.com/portfolio/pstudio/img/albums/masonry/album06.jpg]
[gabrielromes.com/portfolio/pstudio/img/albums/masonry/album08.jpg]
[gabrielromes.com/portfolio/pstudio/img/albums/masonry/album07.jpg]
[gabrielromes.com/portfolio/pstudio/img/albums/masonry/album09.jpg]
[gabrielromes.com/portfolio/pstudio/img/albums/masonry/album11.jpg]
[gabrielromes.com/portfolio/pstudio/img/albums/masonry/album10.jpg]
[gabrielromes.com/portfolio/pstudio/img/albums/masonry/album12.jpg]
[gabrielromes.com/portfolio/pstudio/img/general/avatar.jpg]
[gabrielromes.com/portfolio/pstudio/js/jquery.min.js]
[gabrielromes.com/portfolio/pstudio/js/gsap.min.js]
[gabrielromes.com/portfolio/pstudio/js/masonry.min.js]
[gabrielromes.com/portfolio/pstudio/js/core.js]
[gabrielromes.com/portfolio/pstudio/index.html]
[gabrielromes.com/portfolio/wmccann/favicon/favicon.png]
[gabrielromes.com/portfolio/wmccann/assets/bootstrap/css/bootstrap.min.css]
[gabrielromes.com/portfolio/wmccann/assets/css/plugins.css]
[gabrielromes.com/portfolio/wmccann/assets/css/site.css]
[gabrielromes.com/portfolio/wmccann/assets/css/default-skin.css]
[gabrielromes.com/portfolio/wmccann/assets/js/jquery.min.js]
[gabrielromes.com/portfolio/wmccann/assets/js/pace.min.js]
[gabrielromes.com/portfolio/wmccann/assets/js/wmccann-firstload.js]
[gabrielromes.com/portfolio/wmccann/index-2.html]
[gabrielromes.com/portfolio/wmccann/assets/images/logo-light.png]
[gabrielromes.com/portfolio/wmccann/contato.html]
[gabrielromes.com/portfolio/wmccann/sobre.html]
[gabrielromes.com/portfolio/wmccann/trabalhos.html]
[gabrielromes.com/portfolio/wmccann/assets/images/home2.jpg]
[gabrielromes.com/portfolio/wmccann/assets/images/home.jpg]
[gabrielromes.com/portfolio/wmccann/assets/images/case1.jpg]
[gabrielromes.com/portfolio/wmccann/assets/images/case2.jpg]
[gabrielromes.com/portfolio/wmccann/assets/images/case3.jpg]
[gabrielromes.com/portfolio/wmccann/assets/images/case4.jpg]
[gabrielromes.com/portfolio/wmccann/assets/images/case5.jpg]
[gabrielromes.com/portfolio/wmccann/assets/images/campanha3.jpg]
[gabrielromes.com/portfolio/wmccann/assets/images/campanha2.jpg]
[gabrielromes.com/portfolio/wmccann/assets/images/campanha1.jpg]
[gabrielromes.com/portfolio/wmccann/assets/images/logos/logo-01.png]
[gabrielromes.com/portfolio/wmccann/assets/images/logos/logo-02.png]
[gabrielromes.com/portfolio/wmccann/assets/images/logos/logo-03.png]
[gabrielromes.com/portfolio/wmccann/assets/images/logos/logo-04.png]
[gabrielromes.com/portfolio/wmccann/assets/images/logos/logo-05.png]
[gabrielromes.com/portfolio/wmccann/assets/images/logos/logo-06.png]
[gabrielromes.com/portfolio/wmccann/assets/images/logos/logo-07.png]
[gabrielromes.com/portfolio/wmccann/assets/images/logos/logo-08.png]
[gabrielromes.com/portfolio/wmccann/assets/images/logos/logo-09.png]
[gabrielromes.com/portfolio/wmccann/assets/images/logos/logo-10.png]
[gabrielromes.com/portfolio/wmccann/assets/images/logos/logo-11.png]
[gabrielromes.com/portfolio/wmccann/assets/images/logos/logo-12.png]
[gabrielromes.com/portfolio/wmccann/assets/images/logos/logo-13.png]
[gabrielromes.com/portfolio/wmccann/assets/images/logos/logo-14.png]
[gabrielromes.com/portfolio/wmccann/assets/images/logos/logo-15.png]
[gabrielromes.com/portfolio/wmccann/assets/js/plugins.js]
[gabrielromes.com/portfolio/wmccann/index.html]
[gabrielromes.com/portfolio/wmccann/assets/js/app.js]
[gabrielromes.com/dist/js/header-js.min.js.pagespeed.jm.sE_UYepc9K.js]
[gabrielromes.com/dist/js/footer-js.min.js.pagespeed.jm.uDI8-52mKT.js]
[p.typekit.net/p56fb.css]
[gabrielromes.com/portfolio/pstudio/fonts/line-awesomeeb4f.eot]
[gabrielromes.com/portfolio/pstudio/fonts/line-awesome0176.eot]
[gabrielromes.com/portfolio/pstudio/fonts/line-awesomeeb4f.woff2]
[gabrielromes.com/portfolio/pstudio/fonts/line-awesomeeb4f.woff]
[gabrielromes.com/portfolio/pstudio/fonts/line-awesomeeb4f.ttf]
[gabrielromes.com/portfolio/pstudio/css/line-awesome.css]
[gabrielromes.com/portfolio/pstudio/css/style.css]
[gabrielromes.com/portfolio/pstudio/css/responsive.css]
[gabrielromes.com/portfolio/pstudio/index-2.html]
[gabrielromes.com/portfolio/pstudio/fonts/line-awesomeeb4f.svg]
[gabrielromes.com/portfolio/pstudio/img/albums/carousel/album01.jpg]
[gabrielromes.com/portfolio/pstudio/img/albums/carousel/album02.jpg]
[gabrielromes.com/portfolio/pstudio/img/albums/carousel/album03.jpg]
[gabrielromes.com/portfolio/pstudio/img/albums/carousel/album04.jpg]
[gabrielromes.com/portfolio/pstudio/img/albums/carousel/album05.jpg]
[gabrielromes.com/portfolio/pstudio/img/albums/carousel/album06.jpg]
[gabrielromes.com/portfolio/pstudio/img/albums/carousel/album07.jpg]
[gabrielromes.com/portfolio/pstudio/img/albums/carousel/album08.jpg]
[gabrielromes.com/portfolio/pstudio/img/albums/carousel/album09.jpg]
[gabrielromes.com/portfolio/pstudio/img/albums/carousel/album10.jpg]
[gabrielromes.com/portfolio/pstudio/img/albums/carousel/album11.jpg]
[gabrielromes.com/portfolio/pstudio/img/albums/carousel/album12.jpg]
[gabrielromes.com/portfolio/pstudio/js/pstudio-ribbon.js]
[gabrielromes.com/portfolio/pstudio/portfolio.html]
[gabrielromes.com/portfolio/pstudio/css/photoswipe.css]
[gabrielromes.com/portfolio/pstudio/css/default-skin/default-skin.css]
[gabrielromes.com/portfolio/pstudio/css/tiny-slider.css]
[gabrielromes.com/portfolio/pstudio/img/general/about-me.jpg]
[gabrielromes.com/portfolio/pstudio/img/general/studio01.jpg]
[gabrielromes.com/portfolio/pstudio/img/general/studio02.jpg]
[gabrielromes.com/portfolio/pstudio/img/general/studio03.jpg]
[gabrielromes.com/portfolio/pstudio/img/general/studio04.jpg]
[gabrielromes.com/portfolio/pstudio/img/general/before.jpg]
[gabrielromes.com/portfolio/pstudio/img/avatars/testimonial01.jpg]
[gabrielromes.com/portfolio/pstudio/img/avatars/testimonial02.jpg]
[gabrielromes.com/portfolio/pstudio/img/avatars/testimonial03.jpg]
[gabrielromes.com/portfolio/pstudio/img/avatars/testimonial04.jpg]
[gabrielromes.com/portfolio/pstudio/img/avatars/testimonial05.jpg]
[gabrielromes.com/portfolio/pstudio/js/jquery.lazy.min.js]
[gabrielromes.com/portfolio/pstudio/js/tiny-slider.js]
[gabrielromes.com/portfolio/pstudio/js/photoswipe.min.js]
[gabrielromes.com/portfolio/pstudio/js/photoswipe-ui-default.min.js]
[gabrielromes.com/portfolio/pstudio/sobre.html]
[gabrielromes.com/portfolio/pstudio/img/services/thmb-personal.jpg]
[gabrielromes.com/portfolio/pstudio/img/services/thmb-wedding.jpg]
[gabrielromes.com/portfolio/pstudio/img/services/thmb-lovestory.jpg]
[gabrielromes.com/portfolio/pstudio/img/services/thmb-commercial.jpg]
[gabrielromes.com/portfolio/pstudio/img/services/thmb-nature.jpg]
[gabrielromes.com/portfolio/pstudio/img/services/thmb-travel.jpg]
[gabrielromes.com/portfolio/pstudio/servicos.html]
[gabrielromes.com/portfolio/pstudio/contato.html]
[gabrielromes.com/portfolio/pstudio/img/gallery/bricks2x3/01.jpg]
[gabrielromes.com/portfolio/pstudio/img/null.png]
[gabrielromes.com/portfolio/pstudio/img/gallery/bricks2x3/02.jpg]
[gabrielromes.com/portfolio/pstudio/img/gallery/bricks2x3/03.jpg]
[gabrielromes.com/portfolio/pstudio/img/gallery/bricks2x3/04.jpg]
[gabrielromes.com/portfolio/pstudio/img/gallery/bricks2x3/05.jpg]
[gabrielromes.com/portfolio/pstudio/img/gallery/bricks2x3/06.jpg]
[gabrielromes.com/portfolio/pstudio/img/gallery/bricks2x3/07.jpg]
[gabrielromes.com/portfolio/pstudio/img/gallery/bricks2x3/08.jpg]
[gabrielromes.com/portfolio/pstudio/img/gallery/bricks2x3/09.jpg]
[gabrielromes.com/portfolio/pstudio/img/gallery/bricks2x3/10.jpg]
[gabrielromes.com/portfolio/pstudio/exemplo-case.html]
[gabrielromes.com/portfolio/pstudio/js/jquery.min.js]
[gabrielromes.com/portfolio/pstudio/js/gsap.min.js]
[gabrielromes.com/portfolio/pstudio/js/masonry.min.js]
[gabrielromes.com/portfolio/pstudio/js/core.js]
[gabrielromes.com/portfolio/wmccann/assets/bootstrap/css/bootstrap.min.css]
[gabrielromes.com/portfolio/wmccann/assets/css/smooth-scrollbar.css]
[gabrielromes.com/portfolio/wmccann/assets/css/leaflet.css]
[gabrielromes.com/portfolio/wmccann/assets/css/magnificPopup.css]
[gabrielromes.com/portfolio/wmccann/assets/css/plugins.css]
[gabrielromes.com/portfolio/wmccann/assets/css/swiper.min.css]
[gabrielromes.com/portfolio/wmccann/assets/images/quote.svg]
[gabrielromes.com/portfolio/wmccann/assets/css/site.css]
[gabrielromes.com/portfolio/wmccann/assets/css/default-skin.css]
[gabrielromes.com/portfolio/wmccann/assets/js/jquery.min.js]
[gabrielromes.com/portfolio/wmccann/assets/js/pace.min.js]
[gabrielromes.com/portfolio/wmccann/assets/js/wmccann-firstload.js]
[gabrielromes.com/portfolio/wmccann/index-2.html]
[gabrielromes.com/portfolio/wmccann/imgs/home-wmccann.jpg]
[gabrielromes.com/portfolio/wmccann/contato.html]
[gabrielromes.com/portfolio/wmccann/imgs/equipe2.jpg]
[gabrielromes.com/portfolio/wmccann/imgs/equipe.jpg]
[gabrielromes.com/portfolio/wmccann/imgs/equipe/01.jpg]
[gabrielromes.com/portfolio/wmccann/imgs/equipe/02.jpg]
[gabrielromes.com/portfolio/wmccann/imgs/equipe/03.jpg]
[gabrielromes.com/portfolio/wmccann/imgs/equipe/04.jpg]
[gabrielromes.com/portfolio/wmccann/imgs/equipe/05.jpg]
[gabrielromes.com/portfolio/wmccann/imgs/equipe/06.jpg]
[gabrielromes.com/portfolio/wmccann/sobre.html]
[gabrielromes.com/portfolio/wmccann/exemplo-de-projeto.html]
[gabrielromes.com/portfolio/wmccann/imgs/portfolio2.jpg]
[gabrielromes.com/portfolio/wmccann/imgs/portfolio3.jpg]
[gabrielromes.com/portfolio/wmccann/imgs/portfolio1.jpg]
[gabrielromes.com/portfolio/wmccann/imgs/portfolio4.jpg]
[gabrielromes.com/portfolio/wmccann/imgs/portfolio5.jpg]
[gabrielromes.com/portfolio/wmccann/imgs/portfolio6.jpg]
[gabrielromes.com/portfolio/wmccann/imgs/portfolio7.jpg]
[gabrielromes.com/portfolio/wmccann/imgs/portfolio8.jpg]
[gabrielromes.com/portfolio/wmccann/imgs/portfolio9.jpg]
[gabrielromes.com/portfolio/wmccann/trabalhos.html]
[gabrielromes.com/portfolio/wmccann/GET]
[gabrielromes.com/portfolio/wmccann/assets/js/plugins.js]
[gabrielromes.com/portfolio/wmccann/Version/index.html]
[gabrielromes.com/portfolio/wmccann/version/index-2.html]
[gabrielromes.com/portfolio/wmccann/assets/images/clouds-s.jpg]
[gabrielromes.com/portfolio/wmccann/assets/images/clouds.jpg]
[gabrielromes.com/portfolio/wmccann/assets/js/app.js]
[gabrielromes.com/portfolio/pstudio/fonts/line-awesomeeb4f.svg]
[gabrielromes.com/portfolio/pstudio/js/pstudio-ribbon.js]
[gabrielromes.com/portfolio/pstudio/css/photoswipe.css]
[gabrielromes.com/portfolio/pstudio/css/default-skin/preloader.gif]
[gabrielromes.com/portfolio/pstudio/css/default-skin/default-skin.css]
[gabrielromes.com/portfolio/pstudio/css/tiny-slider.css]
[gabrielromes.com/portfolio/pstudio/js/jquery.lazy.min.js]
[gabrielromes.com/portfolio/pstudio/js/tiny-slider.js]
[gabrielromes.com/portfolio/pstudio/js/photoswipe.min.js]
[gabrielromes.com/portfolio/pstudio/js/photoswipe-ui-default.min.js]
[gabrielromes.com/portfolio/wmccann/assets/css/smooth-scrollbar.css]
[gabrielromes.com/portfolio/wmccann/assets/images/leaflet/layers.png]
[gabrielromes.com/portfolio/wmccann/assets/images/leaflet/layers-2x.png]
[gabrielromes.com/portfolio/wmccann/assets/images/leaflet/marker-icon.png]
[gabrielromes.com/portfolio/wmccann/assets/css/leaflet.css]
[gabrielromes.com/portfolio/wmccann/assets/css/magnificPopup.css]
[gabrielromes.com/portfolio/wmccann/assets/css/swiper.min.css]
[gabrielromes.com/portfolio/wmccann/assets/images/quote.svg]
[gabrielromes.com/portfolio/wmccann/contact.html]
[gabrielromes.com/portfolio/wmccann/imgs/image02.jpg]
[gabrielromes.com/portfolio/wmccann/imgs/portfolio/coverage.jpg]
[gabrielromes.com/portfolio/wmccann/imgs/portfolio/coverage2.jpg]
[gabrielromes.com/portfolio/wmccann/imgs/portfolio/coverage3.jpg]
[gabrielromes.com/portfolio/wmccann/imgs/portfolio/coverage4.jpg]
[gabrielromes.com/portfolio/wmccann/imgs/portfolio/coverage5.jpg]
[gabrielromes.com/portfolio/wmccann/imgs/portfolio/campanha.png]
[gabrielromes.com/portfolio/wmccann/single-wmccann.html]
[gabrielromes.com/portfolio/wmccann/exemplo-de-projeto.html]
[gabrielromes.com/portfolio/wmccann/GET.html]
[gabrielromes.com/portfolio/wmccann/Version/index.html]
[gabrielromes.com/portfolio/wmccann/version/index-2.html]
[gabrielromes.com/portfolio/wmccann/contact.html]
[gabrielromes.com/portfolio/wmccann/single-wmccann.html]
[{s}.tile.openstreetmap.org/{z}/{x}/{y}.png]
